Copyright 1986-2020 Xilinx, Inc. All Rights Reserved.
------------------------------------------------------------------------------------
| Tool Version : Vivado v.2020.1 (win64) Build 2902540 Wed May 27 19:54:49 MDT 2020
| Date         : Fri Dec 19 06:17:34 2025
| Host         : Amna running 64-bit major release  (build 9200)
| Command      : report_control_sets -verbose -file top_control_sets_placed.rpt
| Design       : top
| Device       : xc7a35t
------------------------------------------------------------------------------------

Control Set Information

Table of Contents
-----------------
1. Summary
2. Histogram
3. Flip-Flop Distribution
4. Detailed Control Set Information

1. Summary
----------

+----------------------------------------------------------+-------+
|                          Status                          | Count |
+----------------------------------------------------------+-------+
| Total control sets                                       |    18 |
|    Minimum number of control sets                        |    18 |
|    Addition due to synthesis replication                 |     0 |
|    Addition due to physical synthesis replication        |     0 |
| Unused register locations in slices containing registers |    57 |
+----------------------------------------------------------+-------+
* Control sets can be merged at opt_design using control_set_merge or merge_equivalent_drivers
** Run report_qor_suggestions for automated merging and remapping suggestions


2. Histogram
------------

+--------------------+-------+
|       Fanout       | Count |
+--------------------+-------+
| Total control sets |    18 |
| >= 0 to < 4        |     1 |
| >= 4 to < 6        |     2 |
| >= 6 to < 8        |     1 |
| >= 8 to < 10       |     0 |
| >= 10 to < 12      |     2 |
| >= 12 to < 14      |     1 |
| >= 14 to < 16      |     0 |
| >= 16              |    11 |
+--------------------+-------+
* Control sets can be remapped at either synth_design or opt_design


3. Flip-Flop Distribution
-------------------------

+--------------+-----------------------+------------------------+-----------------+--------------+
| Clock Enable | Synchronous Set/Reset | Asynchronous Set/Reset | Total Registers | Total Slices |
+--------------+-----------------------+------------------------+-----------------+--------------+
| No           | No                    | No                     |              79 |           56 |
| No           | No                    | Yes                    |              41 |           21 |
| No           | Yes                   | No                     |             105 |           32 |
| Yes          | No                    | No                     |               0 |            0 |
| Yes          | No                    | Yes                    |             681 |          350 |
| Yes          | Yes                   | No                     |             245 |          174 |
+--------------+-----------------------+------------------------+-----------------+--------------+


4. Detailed Control Set Information
-----------------------------------

+--------------------------+---------------------------------------+--------------------------------------------+------------------+----------------+--------------+
|       Clock Signal       |             Enable Signal             |              Set/Reset Signal              | Slice Load Count | Bel Load Count | Bels / Slice |
+--------------------------+---------------------------------------+--------------------------------------------+------------------+----------------+--------------+
|  clk_100MHz_IBUF_BUFG    |                                       | pwm_inst/switches[3]                       |                1 |              1 |         1.00 |
|  clk_100MHz_IBUF_BUFG    | ws2812_inst/bit_idx[4]_i_1_n_0        | reset_IBUF                                 |                2 |              5 |         2.50 |
|  clk_100MHz_IBUF_BUFG    | ws2812_inst/led_idx                   | reset_IBUF                                 |                3 |              5 |         1.67 |
|  clk_100MHz_IBUF_BUFG    |                                       | u_vis/color_rom_inst/color_out[21]_i_1_n_0 |                4 |              6 |         1.50 |
|  addr_reg_reg_i_1__5_n_0 |                                       | u_h/count[9]_i_1_n_0                       |                6 |             10 |         1.67 |
|  addr_reg_reg_i_1__5_n_0 | u_h/E[0]                              | u_v/count[9]_i_1__0_n_0                    |                3 |             10 |         3.33 |
|  clk_100MHz_IBUF_BUFG    | ws2812_inst/delay_cnt[12]_i_1_n_0     | reset_IBUF                                 |                3 |             13 |         4.33 |
|  clk_100MHz_IBUF_BUFG    | ws2812_inst/data_out0_out             | reset_IBUF                                 |                4 |             16 |         4.00 |
|  addr_reg_reg_i_1__5_n_0 |                                       | u_err/blink_state                          |                6 |             24 |         4.00 |
|  clk_100MHz_IBUF_BUFG    |                                       | pwm_inst/counter[0]_i_1_n_0                |                8 |             32 |         4.00 |
|  clk_100MHz_IBUF_BUFG    |                                       | u_vis/frame_counter_100[31]_i_1_n_0        |                7 |             32 |         4.57 |
|  clk_100MHz_IBUF_BUFG    | ws2812_inst/beat_flash_cnt[0]_i_1_n_0 | reset_IBUF                                 |               14 |             32 |         2.29 |
|  clk_100MHz_IBUF_BUFG    |                                       |                                            |               27 |             34 |         1.26 |
|  clk_100MHz_IBUF_BUFG    |                                       | reset_IBUF                                 |               21 |             41 |         1.95 |
|  addr_reg_reg_i_1__5_n_0 |                                       |                                            |               29 |             45 |         1.55 |
|  clk_100MHz_IBUF_BUFG    | u_vis/frame_addr                      | u_vis/frame_counter_100[31]_i_1_n_0        |              171 |            235 |         1.37 |
|  clk_100MHz_IBUF_BUFG    | ws2812_inst/frame_addr[12]_i_1_n_0    | reset_IBUF                                 |              116 |            247 |         2.13 |
|  clk_100MHz_IBUF_BUFG    | ws2812_inst/B[0][7]_i_1_n_0           | reset_IBUF                                 |              208 |            363 |         1.75 |
+--------------------------+---------------------------------------+--------------------------------------------+------------------+----------------+--------------+


