Copyright 1986-2020 Xilinx, Inc. All Rights Reserved.
---------------------------------------------------------------------------------------------------
| Tool Version : Vivado v.2020.1 (win64) Build 2902540 Wed May 27 19:54:49 MDT 2020
| Date         : Fri Dec 19 06:22:45 2025
| Host         : Amna running 64-bit major release  (build 9200)
| Command      : report_drc -file top_drc_routed.rpt -pb top_drc_routed.pb -rpx top_drc_routed.rpx
| Design       : top
| Device       : xc7a35tcpg236-1
| Speed File   : -1
| Design State : Fully Routed
---------------------------------------------------------------------------------------------------

Report DRC

Table of Contents
-----------------
1. REPORT SUMMARY
2. REPORT DETAILS

1. REPORT SUMMARY
-----------------
            Netlist: netlist
          Floorplan: design_1
      Design limits: <entire design considered>
           Ruledeck: default
             Max violations: <unlimited>
             Violations found: 42
+-----------+----------+----------------------------+------------+
| Rule      | Severity | Description                | Violations |
+-----------+----------+----------------------------+------------+
| CHECK-3   | Warning  | Report rule limit reached  | 2          |
| REQP-1839 | Warning  | RAMB36 async control check | 20         |
| REQP-1840 | Warning  | RAMB18 async control check | 20         |
+-----------+----------+----------------------------+------------+

2. REPORT DETAILS
-----------------
CHECK-3#1 Warning
Report rule limit reached  
REQP-1839 rule limit reached: 20 violations have been found.
Related violations: <none>

CHECK-3#2 Warning
Report rule limit reached  
REQP-1840 rule limit reached: 20 violations have been found.
Related violations: <none>

REQP-1839#1 Warning
RAMB36 async control check  
The RAMB36E1 ws2812_inst/bar_heights_packed_reg_0 has an input control pin ws2812_inst/bar_heights_packed_reg_0/ADDRARDADDR[10] (net: ws2812_inst/frame_addr_reg[9]_rep__0_n_0) which is driven by a register (ws2812_inst/frame_addr_reg[9]_rep__0) that has an active asychronous set or reset. This may cause corruption of the memory contents and/or read values when the set/reset is asserted and is not analyzed by the default static timing analysis. It is suggested to eliminate the use of a set/reset to registers driving this RAMB pin or else use a synchronous reset in which the assertion of the reset is timed by default.
Related violations: <none>

REQP-1839#2 Warning
RAMB36 async control check  
The RAMB36E1 ws2812_inst/bar_heights_packed_reg_0 has an input control pin ws2812_inst/bar_heights_packed_reg_0/ADDRARDADDR[11] (net: ws2812_inst/frame_addr_reg_n_0_[10]) which is driven by a register (ws2812_inst/frame_addr_reg[10]) that has an active asychronous set or reset. This may cause corruption of the memory contents and/or read values when the set/reset is asserted and is not analyzed by the default static timing analysis. It is suggested to eliminate the use of a set/reset to registers driving this RAMB pin or else use a synchronous reset in which the assertion of the reset is timed by default.
Related violations: <none>

REQP-1839#3 Warning
RAMB36 async control check  
The RAMB36E1 ws2812_inst/bar_heights_packed_reg_0 has an input control pin ws2812_inst/bar_heights_packed_reg_0/ADDRARDADDR[12] (net: ws2812_inst/frame_addr_reg_n_0_[11]) which is driven by a register (ws2812_inst/frame_addr_reg[11]) that has an active asychronous set or reset. This may cause corruption of the memory contents and/or read values when the set/reset is asserted and is not analyzed by the default static timing analysis. It is suggested to eliminate the use of a set/reset to registers driving this RAMB pin or else use a synchronous reset in which the assertion of the reset is timed by default.
Related violations: <none>

REQP-1839#4 Warning
RAMB36 async control check  
The RAMB36E1 ws2812_inst/bar_heights_packed_reg_0 has an input control pin ws2812_inst/bar_heights_packed_reg_0/ADDRARDADDR[13] (net: ws2812_inst/frame_addr_reg_n_0_[12]) which is driven by a register (ws2812_inst/frame_addr_reg[12]) that has an active asychronous set or reset. This may cause corruption of the memory contents and/or read values when the set/reset is asserted and is not analyzed by the default static timing analysis. It is suggested to eliminate the use of a set/reset to registers driving this RAMB pin or else use a synchronous reset in which the assertion of the reset is timed by default.
Related violations: <none>

REQP-1839#5 Warning
RAMB36 async control check  
The RAMB36E1 ws2812_inst/bar_heights_packed_reg_0 has an input control pin ws2812_inst/bar_heights_packed_reg_0/ADDRARDADDR[1] (net: ws2812_inst/frame_addr_reg_n_0_[0]) which is driven by a register (ws2812_inst/frame_addr_reg[0]) that has an active asychronous set or reset. This may cause corruption of the memory contents and/or read values when the set/reset is asserted and is not analyzed by the default static timing analysis. It is suggested to eliminate the use of a set/reset to registers driving this RAMB pin or else use a synchronous reset in which the assertion of the reset is timed by default.
Related violations: <none>

REQP-1839#6 Warning
RAMB36 async control check  
The RAMB36E1 ws2812_inst/bar_heights_packed_reg_0 has an input control pin ws2812_inst/bar_heights_packed_reg_0/ADDRARDADDR[2] (net: ws2812_inst/frame_addr_reg_n_0_[1]) which is driven by a register (ws2812_inst/frame_addr_reg[1]) that has an active asychronous set or reset. This may cause corruption of the memory contents and/or read values when the set/reset is asserted and is not analyzed by the default static timing analysis. It is suggested to eliminate the use of a set/reset to registers driving this RAMB pin or else use a synchronous reset in which the assertion of the reset is timed by default.
Related violations: <none>

REQP-1839#7 Warning
RAMB36 async control check  
The RAMB36E1 ws2812_inst/bar_heights_packed_reg_0 has an input control pin ws2812_inst/bar_heights_packed_reg_0/ADDRARDADDR[3] (net: ws2812_inst/frame_addr_reg_n_0_[2]) which is driven by a register (ws2812_inst/frame_addr_reg[2]) that has an active asychronous set or reset. This may cause corruption of the memory contents and/or read values when the set/reset is asserted and is not analyzed by the default static timing analysis. It is suggested to eliminate the use of a set/reset to registers driving this RAMB pin or else use a synchronous reset in which the assertion of the reset is timed by default.
Related violations: <none>

REQP-1839#8 Warning
RAMB36 async control check  
The RAMB36E1 ws2812_inst/bar_heights_packed_reg_0 has an input control pin ws2812_inst/bar_heights_packed_reg_0/ADDRARDADDR[4] (net: ws2812_inst/frame_addr_reg_n_0_[3]) which is driven by a register (ws2812_inst/frame_addr_reg[3]) that has an active asychronous set or reset. This may cause corruption of the memory contents and/or read values when the set/reset is asserted and is not analyzed by the default static timing analysis. It is suggested to eliminate the use of a set/reset to registers driving this RAMB pin or else use a synchronous reset in which the assertion of the reset is timed by default.
Related violations: <none>

REQP-1839#9 Warning
RAMB36 async control check  
The RAMB36E1 ws2812_inst/bar_heights_packed_reg_0 has an input control pin ws2812_inst/bar_heights_packed_reg_0/ADDRARDADDR[5] (net: ws2812_inst/frame_addr_reg[4]_rep_n_0) which is driven by a register (ws2812_inst/frame_addr_reg[4]_rep) that has an active asychronous set or reset. This may cause corruption of the memory contents and/or read values when the set/reset is asserted and is not analyzed by the default static timing analysis. It is suggested to eliminate the use of a set/reset to registers driving this RAMB pin or else use a synchronous reset in which the assertion of the reset is timed by default.
Related violations: <none>

REQP-1839#10 Warning
RAMB36 async control check  
The RAMB36E1 ws2812_inst/bar_heights_packed_reg_0 has an input control pin ws2812_inst/bar_heights_packed_reg_0/ADDRARDADDR[6] (net: ws2812_inst/frame_addr_reg[5]_rep__1_n_0) which is driven by a register (ws2812_inst/frame_addr_reg[5]_rep__1) that has an active asychronous set or reset. This may cause corruption of the memory contents and/or read values when the set/reset is asserted and is not analyzed by the default static timing analysis. It is suggested to eliminate the use of a set/reset to registers driving this RAMB pin or else use a synchronous reset in which the assertion of the reset is timed by default.
Related violations: <none>

REQP-1839#11 Warning
RAMB36 async control check  
The RAMB36E1 ws2812_inst/bar_heights_packed_reg_0 has an input control pin ws2812_inst/bar_heights_packed_reg_0/ADDRARDADDR[7] (net: ws2812_inst/frame_addr_reg[6]_rep_n_0) which is driven by a register (ws2812_inst/frame_addr_reg[6]_rep) that has an active asychronous set or reset. This may cause corruption of the memory contents and/or read values when the set/reset is asserted and is not analyzed by the default static timing analysis. It is suggested to eliminate the use of a set/reset to registers driving this RAMB pin or else use a synchronous reset in which the assertion of the reset is timed by default.
Related violations: <none>

REQP-1839#12 Warning
RAMB36 async control check  
The RAMB36E1 ws2812_inst/bar_heights_packed_reg_0 has an input control pin ws2812_inst/bar_heights_packed_reg_0/ADDRARDADDR[8] (net: ws2812_inst/frame_addr_reg[7]_rep__7_n_0) which is driven by a register (ws2812_inst/frame_addr_reg[7]_rep__7) that has an active asychronous set or reset. This may cause corruption of the memory contents and/or read values when the set/reset is asserted and is not analyzed by the default static timing analysis. It is suggested to eliminate the use of a set/reset to registers driving this RAMB pin or else use a synchronous reset in which the assertion of the reset is timed by default.
Related violations: <none>

REQP-1839#13 Warning
RAMB36 async control check  
The RAMB36E1 ws2812_inst/bar_heights_packed_reg_0 has an input control pin ws2812_inst/bar_heights_packed_reg_0/ADDRARDADDR[9] (net: ws2812_inst/frame_addr_reg_n_0_[8]) which is driven by a register (ws2812_inst/frame_addr_reg[8]) that has an active asychronous set or reset. This may cause corruption of the memory contents and/or read values when the set/reset is asserted and is not analyzed by the default static timing analysis. It is suggested to eliminate the use of a set/reset to registers driving this RAMB pin or else use a synchronous reset in which the assertion of the reset is timed by default.
Related violations: <none>

REQP-1839#14 Warning
RAMB36 async control check  
The RAMB36E1 ws2812_inst/bar_heights_packed_reg_1 has an input control pin ws2812_inst/bar_heights_packed_reg_1/ADDRARDADDR[10] (net: ws2812_inst/frame_addr_reg[9]_rep__0_n_0) which is driven by a register (ws2812_inst/frame_addr_reg[9]_rep__0) that has an active asychronous set or reset. This may cause corruption of the memory contents and/or read values when the set/reset is asserted and is not analyzed by the default static timing analysis. It is suggested to eliminate the use of a set/reset to registers driving this RAMB pin or else use a synchronous reset in which the assertion of the reset is timed by default.
Related violations: <none>

REQP-1839#15 Warning
RAMB36 async control check  
The RAMB36E1 ws2812_inst/bar_heights_packed_reg_1 has an input control pin ws2812_inst/bar_heights_packed_reg_1/ADDRARDADDR[11] (net: ws2812_inst/frame_addr_reg_n_0_[10]) which is driven by a register (ws2812_inst/frame_addr_reg[10]) that has an active asychronous set or reset. This may cause corruption of the memory contents and/or read values when the set/reset is asserted and is not analyzed by the default static timing analysis. It is suggested to eliminate the use of a set/reset to registers driving this RAMB pin or else use a synchronous reset in which the assertion of the reset is timed by default.
Related violations: <none>

REQP-1839#16 Warning
RAMB36 async control check  
The RAMB36E1 ws2812_inst/bar_heights_packed_reg_1 has an input control pin ws2812_inst/bar_heights_packed_reg_1/ADDRARDADDR[12] (net: ws2812_inst/frame_addr_reg_n_0_[11]) which is driven by a register (ws2812_inst/frame_addr_reg[11]) that has an active asychronous set or reset. This may cause corruption of the memory contents and/or read values when the set/reset is asserted and is not analyzed by the default static timing analysis. It is suggested to eliminate the use of a set/reset to registers driving this RAMB pin or else use a synchronous reset in which the assertion of the reset is timed by default.
Related violations: <none>

REQP-1839#17 Warning
RAMB36 async control check  
The RAMB36E1 ws2812_inst/bar_heights_packed_reg_1 has an input control pin ws2812_inst/bar_heights_packed_reg_1/ADDRARDADDR[13] (net: ws2812_inst/frame_addr_reg_n_0_[12]) which is driven by a register (ws2812_inst/frame_addr_reg[12]) that has an active asychronous set or reset. This may cause corruption of the memory contents and/or read values when the set/reset is asserted and is not analyzed by the default static timing analysis. It is suggested to eliminate the use of a set/reset to registers driving this RAMB pin or else use a synchronous reset in which the assertion of the reset is timed by default.
Related violations: <none>

REQP-1839#18 Warning
RAMB36 async control check  
The RAMB36E1 ws2812_inst/bar_heights_packed_reg_1 has an input control pin ws2812_inst/bar_heights_packed_reg_1/ADDRARDADDR[7] (net: ws2812_inst/frame_addr_reg[6]_rep_n_0) which is driven by a register (ws2812_inst/frame_addr_reg[6]_rep) that has an active asychronous set or reset. This may cause corruption of the memory contents and/or read values when the set/reset is asserted and is not analyzed by the default static timing analysis. It is suggested to eliminate the use of a set/reset to registers driving this RAMB pin or else use a synchronous reset in which the assertion of the reset is timed by default.
Related violations: <none>

REQP-1839#19 Warning
RAMB36 async control check  
The RAMB36E1 ws2812_inst/bar_heights_packed_reg_1 has an input control pin ws2812_inst/bar_heights_packed_reg_1/ADDRARDADDR[8] (net: ws2812_inst/frame_addr_reg[7]_rep__7_n_0) which is driven by a register (ws2812_inst/frame_addr_reg[7]_rep__7) that has an active asychronous set or reset. This may cause corruption of the memory contents and/or read values when the set/reset is asserted and is not analyzed by the default static timing analysis. It is suggested to eliminate the use of a set/reset to registers driving this RAMB pin or else use a synchronous reset in which the assertion of the reset is timed by default.
Related violations: <none>

REQP-1839#20 Warning
RAMB36 async control check  
The RAMB36E1 ws2812_inst/bar_heights_packed_reg_1 has an input control pin ws2812_inst/bar_heights_packed_reg_1/ADDRARDADDR[9] (net: ws2812_inst/frame_addr_reg_n_0_[8]) which is driven by a register (ws2812_inst/frame_addr_reg[8]) that has an active asychronous set or reset. This may cause corruption of the memory contents and/or read values when the set/reset is asserted and is not analyzed by the default static timing analysis. It is suggested to eliminate the use of a set/reset to registers driving this RAMB pin or else use a synchronous reset in which the assertion of the reset is timed by default.
Related violations: <none>

REQP-1840#1 Warning
RAMB18 async control check  
The RAMB18E1 ws2812_inst/bar_heights_packed_reg_2 has an input control pin ws2812_inst/bar_heights_packed_reg_2/ADDRARDADDR[0] (net: ws2812_inst/frame_addr_reg_n_0_[0]) which is driven by a register (ws2812_inst/frame_addr_reg[0]) that has an active asychronous set or reset. This may cause corruption of the memory contents and/or read values when the set/reset is asserted and is not analyzed by the default static timing analysis. It is suggested to eliminate the use of a set/reset to registers driving this RAMB pin or else use a synchronous reset in which the assertion of the reset is timed by default.
Related violations: <none>

REQP-1840#2 Warning
RAMB18 async control check  
The RAMB18E1 ws2812_inst/bar_heights_packed_reg_2 has an input control pin ws2812_inst/bar_heights_packed_reg_2/ADDRARDADDR[10] (net: ws2812_inst/frame_addr_reg_n_0_[10]) which is driven by a register (ws2812_inst/frame_addr_reg[10]) that has an active asychronous set or reset. This may cause corruption of the memory contents and/or read values when the set/reset is asserted and is not analyzed by the default static timing analysis. It is suggested to eliminate the use of a set/reset to registers driving this RAMB pin or else use a synchronous reset in which the assertion of the reset is timed by default.
Related violations: <none>

REQP-1840#3 Warning
RAMB18 async control check  
The RAMB18E1 ws2812_inst/bar_heights_packed_reg_2 has an input control pin ws2812_inst/bar_heights_packed_reg_2/ADDRARDADDR[11] (net: ws2812_inst/frame_addr_reg_n_0_[11]) which is driven by a register (ws2812_inst/frame_addr_reg[11]) that has an active asychronous set or reset. This may cause corruption of the memory contents and/or read values when the set/reset is asserted and is not analyzed by the default static timing analysis. It is suggested to eliminate the use of a set/reset to registers driving this RAMB pin or else use a synchronous reset in which the assertion of the reset is timed by default.
Related violations: <none>

REQP-1840#4 Warning
RAMB18 async control check  
The RAMB18E1 ws2812_inst/bar_heights_packed_reg_2 has an input control pin ws2812_inst/bar_heights_packed_reg_2/ADDRARDADDR[12] (net: ws2812_inst/frame_addr_reg_n_0_[12]) which is driven by a register (ws2812_inst/frame_addr_reg[12]) that has an active asychronous set or reset. This may cause corruption of the memory contents and/or read values when the set/reset is asserted and is not analyzed by the default static timing analysis. It is suggested to eliminate the use of a set/reset to registers driving this RAMB pin or else use a synchronous reset in which the assertion of the reset is timed by default.
Related violations: <none>

REQP-1840#5 Warning
RAMB18 async control check  
The RAMB18E1 ws2812_inst/bar_heights_packed_reg_2 has an input control pin ws2812_inst/bar_heights_packed_reg_2/ADDRARDADDR[1] (net: ws2812_inst/frame_addr_reg_n_0_[1]) which is driven by a register (ws2812_inst/frame_addr_reg[1]) that has an active asychronous set or reset. This may cause corruption of the memory contents and/or read values when the set/reset is asserted and is not analyzed by the default static timing analysis. It is suggested to eliminate the use of a set/reset to registers driving this RAMB pin or else use a synchronous reset in which the assertion of the reset is timed by default.
Related violations: <none>

REQP-1840#6 Warning
RAMB18 async control check  
The RAMB18E1 ws2812_inst/bar_heights_packed_reg_2 has an input control pin ws2812_inst/bar_heights_packed_reg_2/ADDRARDADDR[2] (net: ws2812_inst/frame_addr_reg_n_0_[2]) which is driven by a register (ws2812_inst/frame_addr_reg[2]) that has an active asychronous set or reset. This may cause corruption of the memory contents and/or read values when the set/reset is asserted and is not analyzed by the default static timing analysis. It is suggested to eliminate the use of a set/reset to registers driving this RAMB pin or else use a synchronous reset in which the assertion of the reset is timed by default.
Related violations: <none>

REQP-1840#7 Warning
RAMB18 async control check  
The RAMB18E1 ws2812_inst/bar_heights_packed_reg_2 has an input control pin ws2812_inst/bar_heights_packed_reg_2/ADDRARDADDR[3] (net: ws2812_inst/frame_addr_reg_n_0_[3]) which is driven by a register (ws2812_inst/frame_addr_reg[3]) that has an active asychronous set or reset. This may cause corruption of the memory contents and/or read values when the set/reset is asserted and is not analyzed by the default static timing analysis. It is suggested to eliminate the use of a set/reset to registers driving this RAMB pin or else use a synchronous reset in which the assertion of the reset is timed by default.
Related violations: <none>

REQP-1840#8 Warning
RAMB18 async control check  
The RAMB18E1 ws2812_inst/bar_heights_packed_reg_2 has an input control pin ws2812_inst/bar_heights_packed_reg_2/ADDRARDADDR[4] (net: ws2812_inst/frame_addr_reg[4]_rep_n_0) which is driven by a register (ws2812_inst/frame_addr_reg[4]_rep) that has an active asychronous set or reset. This may cause corruption of the memory contents and/or read values when the set/reset is asserted and is not analyzed by the default static timing analysis. It is suggested to eliminate the use of a set/reset to registers driving this RAMB pin or else use a synchronous reset in which the assertion of the reset is timed by default.
Related violations: <none>

REQP-1840#9 Warning
RAMB18 async control check  
The RAMB18E1 ws2812_inst/bar_heights_packed_reg_2 has an input control pin ws2812_inst/bar_heights_packed_reg_2/ADDRARDADDR[5] (net: ws2812_inst/frame_addr_reg[5]_rep__1_n_0) which is driven by a register (ws2812_inst/frame_addr_reg[5]_rep__1) that has an active asychronous set or reset. This may cause corruption of the memory contents and/or read values when the set/reset is asserted and is not analyzed by the default static timing analysis. It is suggested to eliminate the use of a set/reset to registers driving this RAMB pin or else use a synchronous reset in which the assertion of the reset is timed by default.
Related violations: <none>

REQP-1840#10 Warning
RAMB18 async control check  
The RAMB18E1 ws2812_inst/bar_heights_packed_reg_2 has an input control pin ws2812_inst/bar_heights_packed_reg_2/ADDRARDADDR[6] (net: ws2812_inst/frame_addr_reg[6]_rep_n_0) which is driven by a register (ws2812_inst/frame_addr_reg[6]_rep) that has an active asychronous set or reset. This may cause corruption of the memory contents and/or read values when the set/reset is asserted and is not analyzed by the default static timing analysis. It is suggested to eliminate the use of a set/reset to registers driving this RAMB pin or else use a synchronous reset in which the assertion of the reset is timed by default.
Related violations: <none>

REQP-1840#11 Warning
RAMB18 async control check  
The RAMB18E1 ws2812_inst/bar_heights_packed_reg_2 has an input control pin ws2812_inst/bar_heights_packed_reg_2/ADDRARDADDR[7] (net: ws2812_inst/frame_addr_reg[7]_rep__7_n_0) which is driven by a register (ws2812_inst/frame_addr_reg[7]_rep__7) that has an active asychronous set or reset. This may cause corruption of the memory contents and/or read values when the set/reset is asserted and is not analyzed by the default static timing analysis. It is suggested to eliminate the use of a set/reset to registers driving this RAMB pin or else use a synchronous reset in which the assertion of the reset is timed by default.
Related violations: <none>

REQP-1840#12 Warning
RAMB18 async control check  
The RAMB18E1 ws2812_inst/bar_heights_packed_reg_2 has an input control pin ws2812_inst/bar_heights_packed_reg_2/ADDRARDADDR[8] (net: ws2812_inst/frame_addr_reg_n_0_[8]) which is driven by a register (ws2812_inst/frame_addr_reg[8]) that has an active asychronous set or reset. This may cause corruption of the memory contents and/or read values when the set/reset is asserted and is not analyzed by the default static timing analysis. It is suggested to eliminate the use of a set/reset to registers driving this RAMB pin or else use a synchronous reset in which the assertion of the reset is timed by default.
Related violations: <none>

REQP-1840#13 Warning
RAMB18 async control check  
The RAMB18E1 ws2812_inst/bar_heights_packed_reg_2 has an input control pin ws2812_inst/bar_heights_packed_reg_2/ADDRARDADDR[9] (net: ws2812_inst/frame_addr_reg[9]_rep__0_n_0) which is driven by a register (ws2812_inst/frame_addr_reg[9]_rep__0) that has an active asychronous set or reset. This may cause corruption of the memory contents and/or read values when the set/reset is asserted and is not analyzed by the default static timing analysis. It is suggested to eliminate the use of a set/reset to registers driving this RAMB pin or else use a synchronous reset in which the assertion of the reset is timed by default.
Related violations: <none>

REQP-1840#14 Warning
RAMB18 async control check  
The RAMB18E1 ws2812_inst/beat_intensity_reg_1 has an input control pin ws2812_inst/beat_intensity_reg_1/ADDRARDADDR[10] (net: ws2812_inst/frame_addr_reg_n_0_[10]) which is driven by a register (ws2812_inst/frame_addr_reg[10]) that has an active asychronous set or reset. This may cause corruption of the memory contents and/or read values when the set/reset is asserted and is not analyzed by the default static timing analysis. It is suggested to eliminate the use of a set/reset to registers driving this RAMB pin or else use a synchronous reset in which the assertion of the reset is timed by default.
Related violations: <none>

REQP-1840#15 Warning
RAMB18 async control check  
The RAMB18E1 ws2812_inst/beat_intensity_reg_1 has an input control pin ws2812_inst/beat_intensity_reg_1/ADDRARDADDR[11] (net: ws2812_inst/frame_addr_reg_n_0_[11]) which is driven by a register (ws2812_inst/frame_addr_reg[11]) that has an active asychronous set or reset. This may cause corruption of the memory contents and/or read values when the set/reset is asserted and is not analyzed by the default static timing analysis. It is suggested to eliminate the use of a set/reset to registers driving this RAMB pin or else use a synchronous reset in which the assertion of the reset is timed by default.
Related violations: <none>

REQP-1840#16 Warning
RAMB18 async control check  
The RAMB18E1 ws2812_inst/beat_intensity_reg_1 has an input control pin ws2812_inst/beat_intensity_reg_1/ADDRARDADDR[12] (net: ws2812_inst/frame_addr_reg_n_0_[12]) which is driven by a register (ws2812_inst/frame_addr_reg[12]) that has an active asychronous set or reset. This may cause corruption of the memory contents and/or read values when the set/reset is asserted and is not analyzed by the default static timing analysis. It is suggested to eliminate the use of a set/reset to registers driving this RAMB pin or else use a synchronous reset in which the assertion of the reset is timed by default.
Related violations: <none>

REQP-1840#17 Warning
RAMB18 async control check  
The RAMB18E1 ws2812_inst/beat_intensity_reg_1 has an input control pin ws2812_inst/beat_intensity_reg_1/ADDRARDADDR[6] (net: ws2812_inst/frame_addr_reg[6]_rep_n_0) which is driven by a register (ws2812_inst/frame_addr_reg[6]_rep) that has an active asychronous set or reset. This may cause corruption of the memory contents and/or read values when the set/reset is asserted and is not analyzed by the default static timing analysis. It is suggested to eliminate the use of a set/reset to registers driving this RAMB pin or else use a synchronous reset in which the assertion of the reset is timed by default.
Related violations: <none>

REQP-1840#18 Warning
RAMB18 async control check  
The RAMB18E1 ws2812_inst/beat_intensity_reg_1 has an input control pin ws2812_inst/beat_intensity_reg_1/ADDRARDADDR[7] (net: ws2812_inst/frame_addr_reg[7]_rep__7_n_0) which is driven by a register (ws2812_inst/frame_addr_reg[7]_rep__7) that has an active asychronous set or reset. This may cause corruption of the memory contents and/or read values when the set/reset is asserted and is not analyzed by the default static timing analysis. It is suggested to eliminate the use of a set/reset to registers driving this RAMB pin or else use a synchronous reset in which the assertion of the reset is timed by default.
Related violations: <none>

REQP-1840#19 Warning
RAMB18 async control check  
The RAMB18E1 ws2812_inst/beat_intensity_reg_1 has an input control pin ws2812_inst/beat_intensity_reg_1/ADDRARDADDR[8] (net: ws2812_inst/frame_addr_reg_n_0_[8]) which is driven by a register (ws2812_inst/frame_addr_reg[8]) that has an active asychronous set or reset. This may cause corruption of the memory contents and/or read values when the set/reset is asserted and is not analyzed by the default static timing analysis. It is suggested to eliminate the use of a set/reset to registers driving this RAMB pin or else use a synchronous reset in which the assertion of the reset is timed by default.
Related violations: <none>

REQP-1840#20 Warning
RAMB18 async control check  
The RAMB18E1 ws2812_inst/beat_intensity_reg_1 has an input control pin ws2812_inst/beat_intensity_reg_1/ADDRARDADDR[9] (net: ws2812_inst/frame_addr_reg[9]_rep__0_n_0) which is driven by a register (ws2812_inst/frame_addr_reg[9]_rep__0) that has an active asychronous set or reset. This may cause corruption of the memory contents and/or read values when the set/reset is asserted and is not analyzed by the default static timing analysis. It is suggested to eliminate the use of a set/reset to registers driving this RAMB pin or else use a synchronous reset in which the assertion of the reset is timed by default.
Related violations: <none>


